taxlevel	rankID	taxon	daughterlevels	total
0	0	Root	1	317
1	0.1	Bacteria	9	317
2	0.1.1	"Actinobacteria"	1	4
3	0.1.1.1	Actinobacteria	2	4
4	0.1.1.1.1	Bifidobacteriales	1	2
5	0.1.1.1.1.1	Bifidobacteriaceae	1	2
6	0.1.1.1.1.1.1	Bifidobacterium	0	2
4	0.1.1.1.2	Coriobacteriales	1	2
5	0.1.1.1.2.1	Coriobacteriaceae	2	2
6	0.1.1.1.2.1.1	Coriobacteriaceae_unclassified	0	1
6	0.1.1.1.2.1.2	Enterorhabdus	0	1
2	0.1.2	"Bacteroidetes"	1	57
3	0.1.2.1	"Bacteroidia"	1	57
4	0.1.2.1.1	"Bacteroidales"	3	57
5	0.1.2.1.1.1	"Porphyromonadaceae"	1	53
6	0.1.2.1.1.1.1	"Porphyromonadaceae"_unclassified	0	53
5	0.1.2.1.1.2	"Rikenellaceae"	1	3
6	0.1.2.1.1.2.1	Alistipes	0	3
5	0.1.2.1.1.3	Bacteroidaceae	1	1
6	0.1.2.1.1.3.1	Bacteroides	0	1
2	0.1.3	"Proteobacteria"	2	6
3	0.1.3.1	Alphaproteobacteria	1	2
4	0.1.3.1.1	Rickettsiales	1	2
5	0.1.3.1.1.1	Mitochondria	1	2
6	0.1.3.1.1.1.1	Mitochondria_genus_incertae_sedis	0	2
3	0.1.3.2	Gammaproteobacteria	3	4
4	0.1.3.2.1	"Enterobacteriales"	1	1
5	0.1.3.2.1.1	Enterobacteriaceae	1	1
6	0.1.3.2.1.1.1	Enterobacteriaceae_unclassified	0	1
4	0.1.3.2.2	Aeromonadales	1	1
5	0.1.3.2.2.1	Aeromonadaceae	1	1
6	0.1.3.2.2.1.1	Aeromonas	0	1
4	0.1.3.2.3	Pseudomonadales	1	2
5	0.1.3.2.3.1	Pseudomonadaceae	1	2
6	0.1.3.2.3.1.1	Pseudomonas	0	2
2	0.1.4	"Tenericutes"	1	4
3	0.1.4.1	Mollicutes	1	4
4	0.1.4.1.1	Anaeroplasmatales	1	4
5	0.1.4.1.1.1	Anaeroplasmataceae	1	4
6	0.1.4.1.1.1.1	Anaeroplasma	0	4
2	0.1.5	"Verrucomicrobia"	1	1
3	0.1.5.1	Verrucomicrobiae	1	1
4	0.1.5.1.1	Verrucomicrobiales	1	1
5	0.1.5.1.1.1	Verrucomicrobiaceae	1	1
6	0.1.5.1.1.1.1	Akkermansia	0	1
2	0.1.6	Bacteria_unclassified	1	11
3	0.1.6.1	Bacteria_unclassified	1	11
4	0.1.6.1.1	Bacteria_unclassified	1	11
5	0.1.6.1.1.1	Bacteria_unclassified	1	11
6	0.1.6.1.1.1.1	Bacteria_unclassified	0	11
2	0.1.7	Cyanobacteria_Chloroplast	1	2
3	0.1.7.1	Chloroplast	1	2
4	0.1.7.1.1	Chloroplast_order_incertae_sedis	1	2
5	0.1.7.1.1.1	Chloroplast	1	2
6	0.1.7.1.1.1.1	Streptophyta	0	2
2	0.1.8	Firmicutes	4	230
3	0.1.8.1	Bacilli	1	6
4	0.1.8.1.1	Lactobacillales	3	6
5	0.1.8.1.1.1	Carnobacteriaceae	1	1
6	0.1.8.1.1.1.1	Atopostipes	0	1
5	0.1.8.1.1.2	Lactobacillaceae	1	4
6	0.1.8.1.1.2.1	Lactobacillus	0	4
5	0.1.8.1.1.3	Streptococcaceae	1	1
6	0.1.8.1.1.3.1	Streptococcus	0	1
3	0.1.8.2	Clostridia	2	215
4	0.1.8.2.1	Clostridia_unclassified	1	1
5	0.1.8.2.1.1	Clostridia_unclassified	1	1
6	0.1.8.2.1.1.1	Clostridia_unclassified	0	1
4	0.1.8.2.2	Clostridiales	5	214
5	0.1.8.2.2.1	Clostridiaceae_1	1	4
6	0.1.8.2.2.1.1	Clostridium_sensu_stricto	0	4
5	0.1.8.2.2.2	Clostridiales_unclassified	1	21
6	0.1.8.2.2.2.1	Clostridiales_unclassified	0	21
5	0.1.8.2.2.3	Eubacteriaceae	1	1
6	0.1.8.2.2.3.1	Eubacterium	0	1
5	0.1.8.2.2.4	Lachnospiraceae	7	144
6	0.1.8.2.2.4.1	Clostridium_XlVa	0	3
6	0.1.8.2.2.4.2	Clostridium_XlVb	0	3
6	0.1.8.2.2.4.3	Dorea	0	1
6	0.1.8.2.2.4.4	Johnsonella	0	1
6	0.1.8.2.2.4.5	Lachnospiracea_incertae_sedis	0	2
6	0.1.8.2.2.4.6	Lachnospiraceae_unclassified	0	133
6	0.1.8.2.2.4.7	Roseburia	0	1
5	0.1.8.2.2.5	Ruminococcaceae	7	44
6	0.1.8.2.2.5.1	Anaerotruncus	0	1
6	0.1.8.2.2.5.2	Butyricicoccus	0	1
6	0.1.8.2.2.5.3	Clostridium_IV	0	4
6	0.1.8.2.2.5.4	Flavonifractor	0	1
6	0.1.8.2.2.5.5	Oscillibacter	0	7
6	0.1.8.2.2.5.6	Pseudoflavonifractor	0	2
6	0.1.8.2.2.5.7	Ruminococcaceae_unclassified	0	28
3	0.1.8.3	Erysipelotrichia	1	2
4	0.1.8.3.1	Erysipelotrichales	1	2
5	0.1.8.3.1.1	Erysipelotrichaceae	2	2
6	0.1.8.3.1.1.1	Erysipelotrichaceae_unclassified	0	1
6	0.1.8.3.1.1.2	Turicibacter	0	1
3	0.1.8.4	Firmicutes_unclassified	1	7
4	0.1.8.4.1	Firmicutes_unclassified	1	7
5	0.1.8.4.1.1	Firmicutes_unclassified	1	7
6	0.1.8.4.1.1.1	Firmicutes_unclassified	0	7
2	0.1.9	TM7	1	2
3	0.1.9.1	TM7_class_incertae_sedis	1	2
4	0.1.9.1.1	TM7_order_incertae_sedis	1	2
5	0.1.9.1.1.1	TM7_family_incertae_sedis	1	2
6	0.1.9.1.1.1.1	TM7_genus_incertae_sedis	0	2
